[timesofindia.indiatimes.com/city/mumbai.html]
[backblue.gif]
[fade.gif]
[index.html]
[www.google-analytics.com/analytics.js]
[timesofindia.indiatimes.com/city/mumbai/2.html]
[timesofindia.indiatimes.com/articlelist_new.cms9202.css]
[timesofindia.indiatimes.com/city/delhi.html]
[timesofindia.indiatimes.com/city/bangalore.html]
[timesofindia.indiatimes.com/city/hyderabad.html]
[timesofindia.indiatimes.com/city/kolkata.html]
[timesofindia.indiatimes.com/city/chennai.html]
[timesofindia.indiatimes.com/city/agartala.html]
[timesofindia.indiatimes.com/city/agra.html]
[timesofindia.indiatimes.com/city/ajmer.html]
[timesofindia.indiatimes.com/city/amaravati.html]
[timesofindia.indiatimes.com/city/ahmedabad.html]
[timesofindia.indiatimes.com/city/allahabad.html]
[timesofindia.indiatimes.com/city/amritsar.html]
[timesofindia.indiatimes.com/city/aurangabad.html]
[timesofindia.indiatimes.com/city/bareilly.html]
[timesofindia.indiatimes.com/city/bhopal.html]
[timesofindia.indiatimes.com/city/bhubaneswar.html]
[timesofindia.indiatimes.com/city/chandigarh.html]
[timesofindia.indiatimes.com/city/coimbatore.html]
[timesofindia.indiatimes.com/city/cuttack.html]
[timesofindia.indiatimes.com/city/dehradun.html]
[timesofindia.indiatimes.com/City/Erode.html]
[timesofindia.indiatimes.com/city/faridabad.html]
[timesofindia.indiatimes.com/city/ghaziabad.html]
[timesofindia.indiatimes.com/city/goa.html]
[timesofindia.indiatimes.com/city/gurgaon.html]
[timesofindia.indiatimes.com/city/guwahati.html]
[timesofindia.indiatimes.com/city/hubli.html]
[timesofindia.indiatimes.com/city/imphal.html]
[timesofindia.indiatimes.com/city/indore.html]
[timesofindia.indiatimes.com/city/itanagar.html]
[timesofindia.indiatimes.com/city/jaipur.html]
[timesofindia.indiatimes.com/city/jammu.html]
[timesofindia.indiatimes.com/city/jamshedpur.html]
[timesofindia.indiatimes.com/city/jodhpur.html]
[timesofindia.indiatimes.com/city/kanpur.html]
[timesofindia.indiatimes.com/city/kochi.html]
[timesofindia.indiatimes.com/city/kohima.html]
[timesofindia.indiatimes.com/city/kolhapur.html]
[timesofindia.indiatimes.com/city/kozhikode.html]
[timesofindia.indiatimes.com/city/lucknow.html]
[timesofindia.indiatimes.com/city/ludhiana.html]
[timesofindia.indiatimes.com/city/madurai.html]
[timesofindia.indiatimes.com/city/mangalore.html]
[timesofindia.indiatimes.com/city/meerut.html]
[timesofindia.indiatimes.com/city/mysore.html]
[timesofindia.indiatimes.com/city/nagpur.html]
[timesofindia.indiatimes.com/city/nashik.html]
[timesofindia.indiatimes.com/city/navi-Mumbai.33.delayed]
[timesofindia.indiatimes.com/city/navi-mumbai.html]
[timesofindia.indiatimes.com/city/noida.html]
[timesofindia.indiatimes.com/city/patna.html]
[timesofindia.indiatimes.com/city/puducherry.html]
[timesofindia.indiatimes.com/city/pune.html]
[timesofindia.indiatimes.com/city/raipur.html]
[timesofindia.indiatimes.com/city/rajkot.html]
[timesofindia.indiatimes.com/city/ranchi.html]
[timesofindia.indiatimes.com/city/srinagar.html]
[timesofindia.indiatimes.com/city/Salem.html]
[timesofindia.indiatimes.com/city/shillong.html]
[timesofindia.indiatimes.com/city/shimla.html]
[timesofindia.indiatimes.com/city/surat.html]
[timesofindia.indiatimes.com/city/thane.html]
[timesofindia.indiatimes.com/city/trichy.html]
[timesofindia.indiatimes.com/city/thiruvananthapuram.html]
[timesofindia.indiatimes.com/city/udaipur.html]
[timesofindia.indiatimes.com/city/vadodara.html]
[timesofindia.indiatimes.com/city/varanasi.html]
[timesofindia.indiatimes.com/city/vijayawada.html]
[timesofindia.indiatimes.com/city/visakhapatnam.html]
[timesofindia.indiatimes.com/city/mumbai347f.html]
[timesofindia.indiatimes.com/city/mumbai9cfd.html]
[timesofindia.indiatimes.com/city/mumbaib5e9.html]
[timesofindia.indiatimes.com/city/mumbaiab59.html]
[timesofindia.indiatimes.com/city/mumbai/eventlist/-21288385977e73.html]
[static.toiimg.com/photo/msid-58127550/toilogo.png]
[timesofindia.indiatimes.com/city/mumbai/petrol-price-today-in-mumbai-daily-update/articleshow/59701736.html]
[timesofindia.indiatimes.com/city/mumbai/diesel-price-today-in-mumbai-daily-update/articleshow/59701851.html]
[timesofindia.indiatimes.com/city/mumbai/borivli-builder-who-helped-nab-matka-king-held-for-land-grab/articleshow/67169552.html]
[timesofindia.indiatimes.com/city/mumbai/two-site-engineers-arrested-for-negligence-in-construction-work-fir-also-names-2-welders/articleshow/67169546.html]
[timesofindia.indiatimes.com/city/mumbai/mumbai-child-among-five-held-with-ganja-let-off-after-8-years-in-jail/articleshow/67170832.html]
[timesofindia.indiatimes.com/city/mumbai/Its-3D-time-in-B-Town/articleshow/55370816.html]
[timesofindia.indiatimes.com/city/mumbai/Vir-Das-hosts-special-screening-of-31st-October/articleshow/54976690.html]
[timesofindia.indiatimes.com/city/mumbai/Farah-Khan-hosts-a-special-screening-of-Motu-Patlu-Kings-of-Kings-in-Mumbai/articleshow/54779404.html]
[timesofindia.indiatimes.com/city/mumbai/A-grand-premiere-for-Tutak-Tutak-Tutiya-in-Mumbai/articleshow/54737025.html]
[timesofindia.indiatimes.com/city/mumbai/Arjun-Rampal-celebrates-Navratri-at-Dagdi-Chawl-in-Mumbai/articleshow/54737003.html]
[timesofindia.indiatimes.com/city/mumbai/Swara-Bhaskars-web-series-screened-in-Mumbai/articleshow/54677895.html]
[timesofindia.indiatimes.com/city/mumbai/Mirzya-cast-bonds-over-dinner-in-Mumbai/articleshow/54563468.html]
[timesofindia.indiatimes.com/city/mumbai/Sajid-Nadiadwala-conferred-with-Chevalier-dans-lOrdre-des-Arts-et-des-Lettres-in-Mumbai/articleshow/54464331.html]
[timesofindia.indiatimes.com/city/mumbai/mumbai-hospital-fire-man-succumbs-to-burn-injuries-death-toll-rises-to-10/articleshow/67174413.html]
[timesofindia.indiatimes.com/city/mumbai/best-union-threatens-stir-cabbies-oppose-fee-at-airports/articleshow/67169287.html]
[timesofindia.indiatimes.com/toiitpic/commons/images/colombia-icon.png]
[timesofindia.indiatimes.com/city/mumbai/ansari-meets-sushma-his-mom-says-mera-bharat-mahan-madam-mahan/articleshow/67171573.html]
[timesofindia.indiatimes.com/city/mumbai/maharashtra-govt-draws-up-rs-13-crore-plan-to-make-videos-on-its-schemes/articleshow/67171025.html]
[timesofindia.indiatimes.com/city/mumbai/mumbai-3-more-arrests-made-in-fake-sureties-scam/articleshow/67171007.html]
[timesofindia.indiatimes.com/city/mumbai/mhada-official-held-in-rs-2-5-cr-housing-scam/articleshow/67170990.html]
[timesofindia.indiatimes.com/city/mumbai/no-maratha-quota-appointments-till-january-23-maharashtra-govt/articleshow/67170971.html]
[timesofindia.indiatimes.com/city/mumbai/another-fire-breaks-out-in-esic-hospital-2-arrested/articleshow/67170936.html]
[timesofindia.indiatimes.com/city/mumbai/mea-getting-jinnah-house-transferred-to-itself-sushma-swaraj/articleshow/67170762.html]
[timesofindia.indiatimes.com/city/mumbai/60-china-experts-told-to-leave-india-desi-cell-co-moves-hc/articleshow/67170116.html]
[timesofindia.indiatimes.com/city/mumbai/mumbai-2-directors-of-2-firms-held-for-rs-660-cr-gst-con/articleshow/67170691.html]
[timesofindia.indiatimes.com/city/mumbai/trash-turnaround-jvlr-society-manages-to-treat-250kg-daily/articleshow/67170679.html]
[timesofindia.indiatimes.com/city/mumbai/male-nurse-recalls-saving-7-patients-2-on-ventilator/articleshow/67170046.html]
[timesofindia.indiatimes.com/city/mumbai/activists-call-for-strict-hosp-monitoring/articleshow/67169538.html]
[timesofindia.indiatimes.com/city/mumbai/gap-between-glass-facade-and-building-proved-fatal-for-patients/articleshow/67170591.html]
[timesofindia.indiatimes.com/city/mumbai/mumbai-minimum-temperature-dips-to-17-4-degree-celsius/articleshow/67170581.html]
[timesofindia.indiatimes.com/city/mumbai/iit-bombay-scores-record-number-of-offers-salaries-up-too/articleshow/67170415.html]
[timesofindia.indiatimes.com/city/mumbai/road-rage-biker-brother-pillion-rider-attacked-with-swords/articleshow/67169536.html]
[timesofindia.indiatimes.com/city/mumbai/cbi-arrests-10-for-rs-9cr-nirav-like-scam-at-pnb/articleshow/67169239.html]
[timesofindia.indiatimes.com/city/mumbai/mumbaikars-get-into-a-sweet-mood-for-christmas/articleshow/67160111.html]
[timesofindia.indiatimes.com/city/mumbai/mumbaikars-get-away-for-a-pawsome-weekend/articleshow/67161606.html]
[timesofindia.indiatimes.com/city/mumbai/man-sends-porn-to-teen-booked/articleshow/67169551.html]
[timesofindia.indiatimes.com/city/mumbai/9th-deceased-was-critical-smoke-could-have-worsened-her-state/articleshow/67169549.html]
[timesofindia.indiatimes.com/city/mumbai/doctors-and-staffers-mark-attendance-unsure-about-future/articleshow/67169542.html]
[timesofindia.indiatimes.com/city/mumbai/no-relief-for-spurned-youth-who-stabbed-girl/articleshow/67169539.html]
[timesofindia.indiatimes.com/city/mumbai/smiley-murder-charges-framed-against-cops-son/articleshow/67169535.html]
[timesofindia.indiatimes.com/city/mumbai/state-to-flood-mkts-with-35l-cloth-bags-via-schoolkids-govt/articleshow/67169534.html]
[timesofindia.indiatimes.com/city/mumbai/sc-should-recall-order-on-rafale-says-cong-neta/articleshow/67169531.html]
[timesofindia.indiatimes.com/city/mumbai/best-union-threatens-stir-cabbies-oppose-fee-at-airports/articleshow/67169530.html]
[timesofindia.indiatimes.com/city/mumbai/borivli-builder-who-helped-nab-matka-king-held-for-land-grab/articleshow/67169242.html]
[timesofindia.indiatimes.com/city/mumbai/need-constant-upgrade-in-education-says-tawde/articleshow/67169253.html]
[timesofindia.indiatimes.com/city/mumbai/state-to-flood-mkts-with-35l-cloth-bags-via-schoolkids-govt/articleshow/67167037.html]
[timesofindia.indiatimes.com/city/mumbai/mumbai-fire-breaks-out-at-trident-hotel-shop/articleshow/67168757.html]
[timesofindia.indiatimes.com/city/mumbai/maharashtra-transport-department-suspends-deputy-commissioner-14-other-officers/articleshow/67167860.html]
[timesofindia.indiatimes.com/city/mumbai/wont-appoint-under-maratha-quota-till-january-23-maharashtra-govt-to-hc/articleshow/67167655.html]
[timesofindia.indiatimes.com/city/mumbai/another-fire-erupts-at-esic-hospital-in-andheri/articleshow/67165308.html]
[timesofindia.indiatimes.com/city/mumbai/mumbai-resident-wanted-in-rape-case-arrested-in-pune/articleshow/67163360.html]
[timesofindia.indiatimes.com/city/mumbai/mumbai-esic-fire-death-toll-rises-to-nine/articleshow/67160730.html]
[timesofindia.indiatimes.com/city/mumbai/advertising-professional-hangs-self/articleshow/67159275.html]
[timesofindia.indiatimes.com/city/mumbai/600-killed-in-84000-fire-mishaps-in-mumbai-in-10-years-shiv-sena/articleshow/67158087.html]
[timesofindia.indiatimes.com/city/mumbai/man-shows-dead-mother-alive-on-papers-to-pocket-rs-285-crore-properties-arrested/articleshow/67155620.html]
[timesofindia.indiatimes.com/city/mumbai/online-art-auction-to-show-rare-works-of-top-indian-artists/articleshow/67154974.html]
[timesofindia.indiatimes.com/city/mumbai/maid-in-hell-how-mumbai-woman-was-tricked-in-kuwait/articleshow/67154588.html]
[timesofindia.indiatimes.com/city/mumbai/mumbai-fuel-prices-up-second-day-in-a-row/articleshow/67154272.html]
[timesofindia.indiatimes.com/city/mumbai/maid-in-hell-recounts-kuwait-ordeal/articleshow/67154260.html]
[timesofindia.indiatimes.com/city/mumbai/3.html]
[timesofindia.indiatimes.com/city/mumbai/4.html]
[timesofindia.indiatimes.com/city/mumbai/5.html]
[timesofindia.indiatimes.com/city/mumbai/6.html]
[timesofindia.indiatimes.com/city/mumbai/7.html]
[timesofindia.indiatimes.com/city/mumbai/8.html]
[timesofindia.indiatimes.com/city/mumbai/major-fire-breaks-out-at-mumbais-esic-kamgar-hospital-6-dead-several-injured/articleshow/67129091.html]
[timesofindia.indiatimes.com/city/mumbai/swiggy-man-chips-in-saves-10-people/articleshow/67153060.html]
[timesofindia.indiatimes.com/city/mumbai/6-mth-old-among-8-killed-28-critical-in-andheri-hosp-fire/articleshow/67136680.html]
[timesofindia.indiatimes.com/city/mumbai/metro-5-is-being-pushed-with-eye-on-2019-polls-ncp-mla/articleshow/67129008.html]
[platform.twitter.com/widgets.js]
[timesofindia.indiatimes.com/city/agra/agra-court-rejects-satta-king-shyam-vohra-bail-plea/articleshow/65506776.html]
[timesofindia.indiatimes.com/city/chennai/tamilrockers-how-does-the-website-work-who-are-uploading-movies/articleshow/66602806.html]
[timesofindia.indiatimes.com/city/bhopal/mp-assembly-polls-satta-market-bets-shift-from-winner-loser-to-seat-tally/articleshow/66726353.html]
[timesofindia.indiatimes.com/city/mysuru/seer-plotted-temple-food-poisoning-to-oust-trustee/articleshow/67171174.html]
[timesofindia.indiatimes.com/city/bhopal/whats-wrong-in-reserving-jobs-for-locals-asks-kamal-nath/articleshow/67170625.html]
[timesofindia.indiatimes.com/city/noida/senior-exec-kills-self-after-charges-of-harassment/articleshow/67169733.html]
[timesofindia.indiatimes.com/city/jaipur/rafale-deal-should-not-be-politicised-iaf-chief/articleshow/67168851.html]
[timesofindia.indiatimes.com/city/kochi/kerala-lottery-results-20-12-2018-karunya-plus-kn-136-results-today/articleshow/67175329.html]
[jssocdn.indiatimes.com/crosswalk/jsso_crosswalk_legacy_0.2.4.min.js]
[www.google.com/recaptcha/api.js]
[timesofindia.indiatimes.com/articlelist_new.cms080d.js]
[timesofindia.indiatimes.com/city/mumbai.html]
[timesofindia.indiatimes.com/articlelist_new.cmsf53c.css]
[timesofindia.indiatimes.com/city/mumbai/can-you-ban-entry-of-rti-activists-court-asks-bmc/articleshow/67154244.html]
[timesofindia.indiatimes.com/city/mumbai/dargah-management-committee-steps-in-to-check-noise-levels-during-mahim-fair/articleshow/67154097.html]
[timesofindia.indiatimes.com/city/mumbai/lauds-laxman-says-govt-works-for-common-man/articleshow/67154070.html]
[timesofindia.indiatimes.com/city/mumbai/congress-gave-adarsh-we-give-real-homes-pm-narendra-modi/articleshow/67154050.html]
[timesofindia.indiatimes.com/city/mumbai/new-tariff-regime-blacked-out-by-cable-dth-operators-users/articleshow/67154011.html]
[timesofindia.indiatimes.com/city/mumbai/mumbai-quick-thinking-mom-saves-baby-sonika/articleshow/67153979.html]
[timesofindia.indiatimes.com/city/mumbai/blaze-on-day-of-discharge-claims-uran-senior-citizen/articleshow/67153973.html]
[timesofindia.indiatimes.com/city/mumbai/the-day-after-tales-of-neglect-and-loss/articleshow/67153926.html]
[timesofindia.indiatimes.com/city/mumbai/sparks-from-welding-machine-may-have-caused-hospital-fire/articleshow/67153513.html]
[timesofindia.indiatimes.com/city/mumbai/blind-teen-sends-train-molester-behind-bars/articleshow/67153058.html]
[timesofindia.indiatimes.com/city/mumbai/homeless-suspect-held-in-guj-womans-rly-murder/articleshow/67151625.html]
[timesofindia.indiatimes.com/city/mumbai/hc-gives-ex-wife-of-slain-matka-king-bhagat-another-shot-at-his-property/articleshow/67153089.html]
[timesofindia.indiatimes.com/city/mumbai/senior-citizen-in-mercedes-robbed-at-vasai-traffic-signal/articleshow/67153807.html]
[timesofindia.indiatimes.com/city/mumbai/delhi-man-who-sent-lewd-texts-to-mnc-employee-in-mumbai-held/articleshow/67153803.html]
[timesofindia.indiatimes.com/city/mumbai/2-constables-held-for-extorting-2l-from-cigarette-wholesaler/articleshow/67153057.html]
[timesofindia.indiatimes.com/city/mumbai/future-tense-for-those-who-jumped-off-or-fell-from-hosp-some-undergo-fracture-ops/articleshow/67153075.html]
[timesofindia.indiatimes.com/city/mumbai/woman-who-fell-unconscious-in-icu-rescued-by-firefighters/articleshow/67153072.html]
[timesofindia.indiatimes.com/city/mumbai/esic-sits-on-cash-pile-of-50000cr-yet-has-nothing-to-spare-for-its-hosps/articleshow/67153081.html]
[timesofindia.indiatimes.com/city/mumbai/for-insurance-claim-reveal-ailment-before-policy-is-issued/articleshow/67170122.html]
[timesofindia.indiatimes.com/city/mumbai/couple-loses-first-born-even-before-she-could-be-named/articleshow/67153502.html]
[timesofindia.indiatimes.com/city/mumbai/2-monkeys-suffer-electrical-burns-in-four-days-one-dies/articleshow/67153494.html]
[timesofindia.indiatimes.com/city/mumbai/exotic-plants-overrun-natl-park-pose-threat-to-native-species-say-botanists/articleshow/67153491.html]
[timesofindia.indiatimes.com/city/mumbai/24-years-after-assault-on-cop-accused-held/articleshow/67153096.html]
[timesofindia.indiatimes.com/city/mumbai/writers-meet-guv-for-urdu-academy-revamp/articleshow/67153084.html]
[timesofindia.indiatimes.com/city/mumbai/court-directs-maha-govt-to-clean-up-godavari/articleshow/67153064.html]
[timesofindia.indiatimes.com/city/mumbai/fireman-slips-and-hurts-neck-while-rescuing-seventh-patient/articleshow/67153061.html]
[timesofindia.indiatimes.com/city/mumbai/hc-tells-state-to-conduct-census-of-street-children/articleshow/67153051.html]
[timesofindia.indiatimes.com/city/mumbai/2-constables-held-for-extorting-rs-2l-from-cigarette-wholesaler/articleshow/67151702.html]
[timesofindia.indiatimes.com/city/mumbai/fireman-slips-and-hurts-neck-while-rescuing-seventh-patient/articleshow/67150628.html]
[timesofindia.indiatimes.com/city/mumbai/swiggy-man-chips-in-saves-10-lives/articleshow/67151669.html]
[timesofindia.indiatimes.com/city/mumbai/visually-challenged-girl-nabs-molester-in-mumbai-local/articleshow/67150958.html]
[timesofindia.indiatimes.com/city/mumbai/bombay-hc-directs-govt-to-ensure-steps-to-clean-godavari-river/articleshow/67149323.html]
[timesofindia.indiatimes.com/city/mumbai/mumbai-after-release-from-pakistan-hamid-ansaris-neighbours-set-to-welcome-him/articleshow/67148057.html]
[timesofindia.indiatimes.com/city/mumbai/nhrc-issues-notice-to-maharashtra-govt-and-labour-ministry-over-hospital-fire-in-mumbai/articleshow/67146894.html]
[timesofindia.indiatimes.com/city/mumbai/pm-modi-kicks-off-rs-33000-crore-metro-5-low-cost-housing-projects-in-mumbai-metropolitan-region/articleshow/67144223.html]
[timesofindia.indiatimes.com/city/mumbai/when-mumbaikars-gathered-to-watch-comet-wirtanen/articleshow/67159806.html]
[timesofindia.indiatimes.com/city/mumbai/andheri-hospital-fire-labour-ministry-announces-ex-gratia-for-victims/articleshow/67143544.html]
[timesofindia.indiatimes.com/city/mumbai/andheri-hospital-fire-staff-protests-over-poor-infrastructure/articleshow/67142409.html]
[timesofindia.indiatimes.com/city/mumbai/petrol-diesel-prices-go-up-again-in-mumbai/articleshow/67140193.html]
[timesofindia.indiatimes.com/city/mumbai/meet-nadia-nighat-kashmirs-first-woman-football-coach/articleshow/67139178.html]
[timesofindia.indiatimes.com/city/mumbai/tech-to-help-tte-grant-berths-to-waitlisted-on-rajdhani-express/articleshow/67138343.html]
[timesofindia.indiatimes.com/city/mumbai/6-year-pak-jail-ordeal-ends-for-mumbai-man-branded-a-spy/articleshow/67137739.html]
[timesofindia.indiatimes.com/city/mumbai/solar-panels-for-dn-nagar-metro-depot/articleshow/67137386.html]
[timesofindia.indiatimes.com/city/mumbai/tweak-rules-to-ensure-1-family-gets-only-1-slum-rehab-tenement-bombay-high-court/articleshow/67137348.html]
[timesofindia.indiatimes.com/city/mumbai/zilla-parishad-schools-under-maharashtras-international-board-to-be-named-after-atal-bihari-vajpayee/articleshow/67137240.html]
[timesofindia.indiatimes.com/city/mumbai/police-hunt-for-4-year-olds-rapist/articleshow/67137188.html]
[timesofindia.indiatimes.com/city/mumbai/mumbai-bjp-makes-overtures-to-christians/articleshow/67137180.html]
[timesofindia.indiatimes.com/city/mumbai/metro-mass-housing-on-modis-launchpad-today/articleshow/67137173.html]
[timesofindia.indiatimes.com/city/mumbai/9.html]
[timesofindia.indiatimes.com/city/kochi/kerala-lottery-result-19-12-18-kerala-akshaya-ak-374-lottery-results-announced-today/articleshow/67161793d41d.html]
[timesofindia.indiatimes.com/articlelist_new.cms8c05.js]
[timesofindia.indiatimes.com/city/mumbai/2.html]
[timesofindia.indiatimes.com/photo/56310436.png]
[timesofindia.indiatimes.com/photo/58459201.png]
[timesofindia.indiatimes.com/photo/53058082.png]
[timesofindia.indiatimes.com/photo/42715392.gif]
[timesofindia.indiatimes.com/photo/34824568.jpg]
[timesofindia.indiatimes.com/photo/20259450.gif]
[timesofindia.indiatimes.com/photo/47958754.png]
[timesofindia.indiatimes.com/photo/55353475.png]
[timesofindia.indiatimes.com/articlelist_new.cms9202.css]
[timesofindia.indiatimes.com/city/delhi/2.html]
[timesofindia.indiatimes.com/city/delhi347f.html]
[timesofindia.indiatimes.com/city/delhi9cfd.html]
[timesofindia.indiatimes.com/city/delhib5e9.html]
[timesofindia.indiatimes.com/city/delhiab59.html]
[timesofindia.indiatimes.com/city/delhi/eventlist/-21288395967e73.html]
[timesofindia.indiatimes.com/city/delhi/petrol-price-today-in-delhi-daily-update/articleshow/59700831.html]
[timesofindia.indiatimes.com/city/delhi/diesel-price-today-in-delhi-daily-update/articleshow/59701471.html]
[timesofindia.indiatimes.com/city/gurgaon/merchant-navy-official-booked-for-stalking-schoolmate/articleshow/67169828.html]
[timesofindia.indiatimes.com/city/noida/planning-a-party-ensure-permits-payment-of-gst/articleshow/67169898.html]
[timesofindia.indiatimes.com/city/gurgaon/gangster-kaushals-father-held-for-extortion-attempts/articleshow/67169912.html]
[timesofindia.indiatimes.com/city/delhi/7-years-after-killing-cop-colleague-gets-life-term/articleshow/67169457.html]
[timesofindia.indiatimes.com/city/delhi/sara-ali-khan-promotes-kedarnath-in-noida/articleshow/66988989.html]
[timesofindia.indiatimes.com/city/delhi/when-geniuses-nawazuddin-siddiqui-utkarsh-sharma-and-ishita-chauhan-visited-delhi/articleshow/65531534.html]
[timesofindia.indiatimes.com/city/entertainment/events/delhi/a-mini-football-world-cup-featuring-embassy-teams-in-delhi/articleshow/64557671.html]
[timesofindia.indiatimes.com/city/entertainment/events/delhi/gargi-college-girls-enjoy-a-feisty-farewell/articleshow/63847705.html]
[timesofindia.indiatimes.com/city/entertainment/events/delhi/kalindi-college-organizes-51st-annual-prize-distribution-ceremony/articleshow/63844369.html]
[timesofindia.indiatimes.com/city/entertainment/hindi/bollywood/news/ishaan-khatter-two-years-ago-i-told-my-mother-i-wanted-to-work-with-the-likes-of-majid-majidi/articleshow/63813654.html]
[timesofindia.indiatimes.com/city/entertainment/events/delhi/jamia-millia-islamia-awards-degree-to-its-students-at-its-annual-convocation-day/articleshow/63830163.html]
[timesofindia.indiatimes.com/city/entertainment/hindi/bollywood/news/Ishaan-Khatter-Two-years-ago-I-told-my-mother-I-wanted-to-work-with-the-likes-of-Majid-Majidi/articleshow/63813654-2.html]
[timesofindia.indiatimes.com/city/delhi/jailed-dons-aide-held-for-extortion/articleshow/67169384.html]
[timesofindia.indiatimes.com/city/delhi/prevailing-cold-wave-keeps-delhi-air-very-poor/articleshow/67174397.html]
[timesofindia.indiatimes.com/city/delhi/agra-dalit-girl-succumbs-after-36-hours-of-battle-for-life-at-delhis-safdarjung-hospital/articleshow/67173349.html]
[timesofindia.indiatimes.com/city/delhi/delhi-temperature-may-drop-to-4c-by-friday/articleshow/67171472.html]
[timesofindia.indiatimes.com/city/delhi/hc-does-life-term-mean-life/articleshow/67171330.html]
[timesofindia.indiatimes.com/city/delhi/cop-hurt-as-youths-drinking-in-car-drag-him-for-metres/articleshow/67169293.html]
[timesofindia.indiatimes.com/city/delhi/7-year-old-raped-on-terrace-in-east-delhi-accused-flees/articleshow/67169318.html]
[timesofindia.indiatimes.com/city/delhi/homeless-may-find-temporary-residence-in-aiims-subway/articleshow/67169344.html]
[timesofindia.indiatimes.com/city/delhi/54-year-old-held-for-assaulting-child-in-outer-delhi/articleshow/67169369.html]
[timesofindia.indiatimes.com/city/delhi/55km-of-elevated-roads-on-metro-pillars/articleshow/67169418.html]
[timesofindia.indiatimes.com/city/delhi/truck-hits-2-girls-labourer-fleeing-driver-killed-as-vehicle-overturns/articleshow/67169491.html]
[timesofindia.indiatimes.com/city/delhi/cash-in-by-renting-out-heritage-sites-for-weddings-plays/articleshow/67169495.html]
[timesofindia.indiatimes.com/city/delhi/embryo-frozen-for-9-years-used-for-ivf-birth/articleshow/67169513.html]
[timesofindia.indiatimes.com/city/delhi/idea-more-suited-for-smaller-monuments-experts/articleshow/67169547.html]
[timesofindia.indiatimes.com/city/delhi/youll-get-rs-50/hour-for-first-2-hours-of-outages/articleshow/67169553.html]
[timesofindia.indiatimes.com/city/delhi/metros-phase-iv-expansion-to-outer-delhi-gets-city-govts-nod/articleshow/67170012.html]
[timesofindia.indiatimes.com/city/delhi/school-survey-causes-fresh-govt-corpn-rift/articleshow/67169561.html]
[timesofindia.indiatimes.com/city/delhi/suspense-secrets-and-suspicion-make-ballygunge-play-a-must-watch/articleshow/67160423.html]
[timesofindia.indiatimes.com/city/delhi/delhi-pets-have-a-gala-weekend/articleshow/67160132.html]
[timesofindia.indiatimes.com/city/delhi/dusu-vice-prez-takes-over-as-president/articleshow/67169188.html]
[timesofindia.indiatimes.com/city/delhi/delhi-university-plans-entrance-test-for-all-college-admissions-in-2019/articleshow/67169184.html]
[timesofindia.indiatimes.com/city/delhi/aap-government-okays-delhi-metros-much-awaited-phase-iv/articleshow/67167022.html]
[timesofindia.indiatimes.com/city/delhi/rape-case-man-gets-justice-from-delhi-hc-10-months-after-his-death/articleshow/67167144.html]
[timesofindia.indiatimes.com/city/delhi/pac-raps-mha-delhi-police-for-failure-to-implement-cctv-project-frauds-in-ltc-claims/articleshow/67166163.html]
[timesofindia.indiatimes.com/city/delhi/dusu-vice-president-takes-over-as-president-nsui-calls-it-contempt-of-court/articleshow/67166032.html]
[timesofindia.indiatimes.com/city/delhi/delhi-bjp-leaders-workers-stage-protest-against-rahul-gandhi-near-congress-headquarter-detained/articleshow/67159372.html]
[timesofindia.indiatimes.com/city/delhi/delhi-sorry-gang-gang-targets-four-in-48-hours/articleshow/67159205.html]
[timesofindia.indiatimes.com/city/delhi/cold-delhi-morning-with-very-poor-air/articleshow/67156576.html]
[timesofindia.indiatimes.com/city/delhi/man-stabs-neighbour-for-misbehaving/articleshow/67152273.html]
[timesofindia.indiatimes.com/city/delhi/sajjan-kumar-resigns-from-congress-membership/articleshow/67152269.html]
[timesofindia.indiatimes.com/city/delhi/fire-safety-at-eateries-sparks-fly-at-meet/articleshow/67152211.html]
[timesofindia.indiatimes.com/city/delhi/26-year-old-dies-after-being-stabbed-20-times-by-2-teens/articleshow/67152170.html]
[timesofindia.indiatimes.com/city/delhi/fresh-low-for-season-city-shivers-at-5-1c/articleshow/67152261.html]
[timesofindia.indiatimes.com/city/delhi/at-2774-citys-dengue-count-lowest-since-2014/articleshow/67152335.html]
[timesofindia.indiatimes.com/city/delhi/shabana-azmi-when-arth-was-released-women-started-coming-to-my-house-with-their-marital-issues/articleshow/67143833.html]
[timesofindia.indiatimes.com/city/delhi/sunil-chhetri-if-i-think-that-im-the-face-of-indian-football-i-wont-even-be-able-to-breathe/articleshow/67145003.html]
[timesofindia.indiatimes.com/city/delhi/how-to-be-an-entrepreneur-learn-it-at-school-from-2019/articleshow/67152394.html]
[timesofindia.indiatimes.com/city/delhi/598-centres-live-feeds-for-most-secure-exam/articleshow/67152470.html]
[timesofindia.indiatimes.com/city/delhi/no-chaos-or-snags-tech-helps-test-pass-muster/articleshow/67152519.html]
[timesofindia.indiatimes.com/city/delhi/24x7-police-kiosks-at-igi-for-instant-help/articleshow/67153228.html]
[timesofindia.indiatimes.com/city/delhi/13-year-old-abducted-by-fb-friend-gang-raped/articleshow/67153224.html]
[timesofindia.indiatimes.com/city/delhi/two-aides-of-ivorian-held-for-fraud-on-net/articleshow/67153222.html]
[timesofindia.indiatimes.com/city/delhi/from-march-book-an-e-scooter-for-short-distance-travel/articleshow/67153195.html]
[timesofindia.indiatimes.com/city/delhi/carjackers-strike-near-igi-dump-driver/articleshow/67152532.html]
[timesofindia.indiatimes.com/city/delhi/delhi-poll-officer-shares-list-of-total-voters-since-2012/articleshow/67153100.html]
[timesofindia.indiatimes.com/city/delhi/cheaper-batteries-for-e-vehicle-push/articleshow/67153071.html]
[timesofindia.indiatimes.com/city/delhi/higher-pay-for-teachers-threatens-to-put-disabled-kids-out-of-school/articleshow/67153042.html]
[timesofindia.indiatimes.com/city/delhi/guilty-leaders-must-be-punished-cm/articleshow/67152996.html]
[timesofindia.indiatimes.com/city/delhi/hc-dismisses-nsui-plea-challenging-baisoyas-election/articleshow/67152976.html]
[timesofindia.indiatimes.com/city/delhi/3.html]
[timesofindia.indiatimes.com/city/delhi/4.html]
[timesofindia.indiatimes.com/city/delhi/5.html]
[timesofindia.indiatimes.com/city/delhi/6.html]
[timesofindia.indiatimes.com/city/delhi/7.html]
[timesofindia.indiatimes.com/city/delhi/8.html]
[timesofindia.indiatimes.com/city/delhi/womens-only-party-launched-in-delhi/articleshow/67143980.html]
[timesofindia.indiatimes.com/city/delhi.html]
[timesofindia.indiatimes.com/city/delhi/is-delhi-ready-for-8-5-temblor-afraid-not/articleshow/67152805.html]
[timesofindia.indiatimes.com/city/bangalore347f.html]
[timesofindia.indiatimes.com/city/bangalore9cfd.html]
[timesofindia.indiatimes.com/city/bangaloreb5e9.html]
[timesofindia.indiatimes.com/city/bangaloreab59.html]
[timesofindia.indiatimes.com/city/bangalore/eventlist/-21288330387e73.html]
[timesofindia.indiatimes.com/city/bengaluru/petrol-price-today-in-bengaluru-daily-update/articleshow/59702482.html]
[timesofindia.indiatimes.com/city/bengaluru/diesel-price-today-in-bengaluru-daily-update/articleshow/59702512.html]
[timesofindia.indiatimes.com/city/bengaluru/deccan-sultanate-monuments-may-get-unesco-tag/articleshow/67169016.html]
[timesofindia.indiatimes.com/city/bengaluru/state-mulls-increasing-govt-medical-seats-for-nri-quota/articleshow/67169013.html]
[timesofindia.indiatimes.com/city/bengaluru/13-year-old-girl-dies-as-school-toilet-roof-collapses-in-kolar/articleshow/67169015.html]
[timesofindia.indiatimes.com/city/bengaluru/rubi-chakravarti-gets-em-laughing-at-phoenix-club-one-bengaluru/articleshow/67104854.html]
[timesofindia.indiatimes.com/city/bengaluru/bollywood-and-punjabi-nights-at-output-bengaluru/articleshow/67080381.html]
[timesofindia.indiatimes.com/city/bengaluru/shruti-naidu-rings-in-her-birthday-at-sheraton-grand-bengaluru/articleshow/67025374.html]
[timesofindia.indiatimes.com/city/bengaluru/grooving-at-friday-night-bash-at-xoox-bengaluru/articleshow/67025330.html]
[timesofindia.indiatimes.com/city/bengaluru/ghazal-night-at-sagar-banquets-bengaluru/articleshow/67025269.html]
[timesofindia.indiatimes.com/city/bengaluru/puneeth-rajkumar-attends-launch-of-the-foxx-bengaluru/articleshow/67000529.html]
[timesofindia.indiatimes.com/city/bengaluru/ramesh-dembla-celebrates-his-birthday-at-layla-bengaluru/articleshow/66894314.html]
[timesofindia.indiatimes.com/city/bengaluru/rekha-raju-arpita-banerjee-perform-in-bengaluru/articleshow/66567164.html]
[timesofindia.indiatimes.com/city/bengaluru/freedom-park-parking-lot-project-has-to-overcome-giant-rock-hurdle/articleshow/67172001.html]
[timesofindia.indiatimes.com/city/bengaluru/karnataka-cid-sleuths-seize-leopard-skin-arrest-trio/articleshow/67173345.html]
[timesofindia.indiatimes.com/city/bengaluru/chief-minister-hd-kumaraswamy-and-bjp-clash-over-loan-waiver/articleshow/67172053.html]
[timesofindia.indiatimes.com/city/bengaluru/power-cuts-in-s-bluru-localities-on-saturday/articleshow/67169014.html]
[timesofindia.indiatimes.com/city/bengaluru/bengalureans-prefer-fir-to-artificial-xmas-trees/articleshow/67168898.html]
[timesofindia.indiatimes.com/city/bengaluru/cabinet-gives-nod-to-shift-9-offices-to-north-ktaka/articleshow/67168900.html]
[timesofindia.indiatimes.com/city/bengaluru/dks-lobbies-for-all-party-support/articleshow/67168892.html]
[timesofindia.indiatimes.com/city/bengaluru/transgenders-unhappy-with-bills-stage-protest/articleshow/67168895.html]
[timesofindia.indiatimes.com/city/bengaluru/s-korean-held-for-assaulting-immigration-officer-over-visa-fee/articleshow/67168889.html]
[timesofindia.indiatimes.com/city/bengaluru/mg-road-witnesses-fourth-robbery-in-five-months/articleshow/67168888.html]
[timesofindia.indiatimes.com/city/bengaluru/set-up-committee-to-oversee-public-toilets-ngo-tells-court/articleshow/67168887.html]
[timesofindia.indiatimes.com/city/bengaluru/e-rickshaw-plan-hits-roadblock-over-bmtc-monopoly-low-speed-fear/articleshow/67169007.html]
[timesofindia.indiatimes.com/city/bengaluru/seer-plotted-temple-food-poisoning-to-oust-trustee/articleshow/67171208.html]
[timesofindia.indiatimes.com/city/bengaluru/techie-loses-rs-73000-to-conmen-who-offered-iphone-for-rs-26000/articleshow/67170915.html]
[timesofindia.indiatimes.com/city/bengaluru/worker-buried-in-mud-collapse/articleshow/67168891.html]
[timesofindia.indiatimes.com/city/bengaluru/the-elderly-cant-be-used-as-commodity-by-children-hc/articleshow/67169011.html]
[timesofindia.indiatimes.com/city/bengaluru/bluru-doc-performed-682-sex-change-operations/articleshow/67169010.html]
[timesofindia.indiatimes.com/city/bengaluru/bengalureans-come-up-with-a-unique-campaign-to-stop-child-abuse/articleshow/67160641.html]
[timesofindia.indiatimes.com/city/bengaluru/canadian-international-school-celebrates-christmas/articleshow/67163279.html]
[timesofindia.indiatimes.com/city/bengaluru/power-shutdown-in-many-areas-of-bengaluru-on-saturday/articleshow/67162969.html]
[timesofindia.indiatimes.com/city/bengaluru/rural-karnataka-ill-prepared-to-tackle-mass-medical-emergencies/articleshow/67155494.html]
[timesofindia.indiatimes.com/city/bengaluru/farm-loan-waiver-tech-to-help-check-malpractice/articleshow/67155404.html]
[timesofindia.indiatimes.com/city/bengaluru/corporators-son-among-11-held-for-rowdys-murder/articleshow/67152455.html]
[timesofindia.indiatimes.com/city/bengaluru/rabi-drought-lakhs-of-ryots-set-to-lose-out-on-relief-fund/articleshow/67152399.html]
[timesofindia.indiatimes.com/city/bengaluru/uvce-to-appoint-teachers-on-contract-for-nba-accreditation/articleshow/67152397.html]
[timesofindia.indiatimes.com/city/bengaluru/doctor-hurt-as-gang-fires-at-rowdy/articleshow/67152454.html]
[timesofindia.indiatimes.com/city/bengaluru/hc-clears-rto-hurdle-blurean-can-sell-audi-car/articleshow/67152453.html]
[timesofindia.indiatimes.com/city/bengaluru/bengaluru-shivers-but-cold-nights-wont-last-long/articleshow/67154558.html]
[timesofindia.indiatimes.com/city/bengaluru/you-are-safe-because-bengaluru-traffic-crawls/articleshow/67154600.html]
[timesofindia.indiatimes.com/city/bengaluru/ktaka-has-most-dwellings-in-core-reserve-areas-centre/articleshow/67152395.html]
[timesofindia.indiatimes.com/city/bengaluru/nimhans-iisc-to-study-ageing-patterns/articleshow/67152385.html]
[timesofindia.indiatimes.com/city/bengaluru/throw-your-waste-at-new-kasa-kiosk/articleshow/67152390.html]
[timesofindia.indiatimes.com/city/bengaluru/fraudsters-resorting-to-identity-theft-to-raise-loans/articleshow/67152478.html]
[timesofindia.indiatimes.com/city/bengaluru/13-5k-rr-nagar-voters-names-to-be-removed-from-rolls/articleshow/67152456.html]
[timesofindia.indiatimes.com/city/bengaluru/sirsi-circle-flyover-to-be-closed-for-4-months/articleshow/67154409.html]
[timesofindia.indiatimes.com/city/bengaluru/vehicles-crawl-on-e-city-expressway-as-curbs-imposed/articleshow/67152440.html]
[timesofindia.indiatimes.com/city/bengaluru/wipro-techie-tries-to-jump-off-moving-train-crushed-to-death/articleshow/67154334.html]
[timesofindia.indiatimes.com/city/bengaluru/citizens-come-up-with-a-unique-floating-island-to-utilise-existing-reservoirs/articleshow/67144313.html]
[timesofindia.indiatimes.com/city/bengaluru/animal-cruelty-fine-hike-in-penalty-is-a-ray-of-light/articleshow/67145114.html]
[timesofindia.indiatimes.com/city/bengaluru/namma-metro-work-traffic-diversions-kick-in-at-jayadeva-junction/articleshow/67150446.html]
[timesofindia.indiatimes.com/city/bengaluru/reinforcement-steel-procured-from-reputed-firms-bmrcl/articleshow/67150172.html]
[timesofindia.indiatimes.com/city/bengaluru/two-school-students-mowed-down-by-govt-bus-in-bengaluru/articleshow/67146872.html]
[timesofindia.indiatimes.com/city/bengaluru/karnataka-cm-says-courts-cannot-resolve-cauvery-dispute-permanently-pushes-for-talks/articleshow/67146727.html]
[timesofindia.indiatimes.com/city/bengaluru/bengaluru-vehicles-restriction-on-elevated-highway-affects-traffic-movement/articleshow/67146260.html]
[timesofindia.indiatimes.com/city/bengaluru/police-suspect-faction-feud-behind-karnataka-temples-prasad-poisoning-that-killed-15/articleshow/67144348.html]
[timesofindia.indiatimes.com/city/bangalore/2.html]
